2025-03-29 04:19:57,813 - main - WARNING - No se encontraron archivos del modelo. Se entrenará uno nuevo cuando sea requerido.
2025-03-29 04:30:01,530 - main - INFO - Modelo, vectorizador e información guardados correctamente.
2025-03-29 04:30:01,530 - main - INFO - Modelo reentrenado con 200 muestras. Accuracy: 1.0000
2025-03-29 04:30:04,085 - main - INFO - Modelo exportado correctamente.
2025-03-29 04:30:47,395 - main - INFO - Modelo y vectorizador cargados correctamente
2025-03-29 04:30:47,411 - main - INFO - Información del modelo cargada correctamente
2025-03-29 04:35:49,200 - main - INFO - Usando modelo global para la evaluación
2025-03-29 04:35:49,210 - main - INFO - Evaluación realizada con 200 muestras. Accuracy: 0.9900
2025-03-29 04:36:54,223 - main - INFO - Usando modelo global para la evaluación
2025-03-29 04:36:54,231 - main - INFO - Evaluación realizada con 204 muestras. Accuracy: 0.9902
2025-03-29 10:25:13,893 - main - INFO - Modelo y vectorizador cargados correctamente
2025-03-29 10:25:13,895 - main - INFO - Información del modelo cargada correctamente
2025-03-29 10:25:54,794 - main - INFO - Usando modelo global para la evaluación
2025-03-29 10:25:54,821 - main - INFO - Evaluación realizada con 204 muestras. Accuracy: 0.9902
2025-03-29 10:26:12,794 - main - INFO - Modelo, vectorizador e información guardados correctamente
2025-03-29 10:26:12,794 - main - INFO - Modelo reentrenado con 204 muestras. Accuracy: 0.9951
2025-03-29 10:26:16,097 - main - INFO - Modelo exportado correctamente
2025-03-29 10:26:21,507 - main - INFO - Modelo exportado correctamente
2025-03-29 10:27:07,377 - main - INFO - Usando modelo personalizado para la predicción
2025-03-29 10:27:07,378 - main - ERROR - Error en la predicción: The TF-IDF vectorizer is not fitted
2025-03-29 10:27:08,294 - main - INFO - Usando modelo personalizado para la predicción
2025-03-29 10:27:08,294 - main - ERROR - Error en la predicción: The TF-IDF vectorizer is not fitted
2025-03-29 10:27:08,807 - main - INFO - Usando modelo personalizado para la predicción
2025-03-29 10:27:08,808 - main - ERROR - Error en la predicción: The TF-IDF vectorizer is not fitted
2025-03-29 10:27:08,983 - main - INFO - Usando modelo personalizado para la predicción
2025-03-29 10:27:08,984 - main - ERROR - Error en la predicción: The TF-IDF vectorizer is not fitted
2025-03-29 10:34:56,620 - main - INFO - Modelo y vectorizador cargados correctamente
2025-03-29 10:34:56,621 - main - INFO - Información del modelo cargada correctamente
2025-03-29 10:35:14,666 - main - INFO - Usando modelo global para la evaluación
2025-03-29 10:35:14,679 - main - INFO - Evaluación realizada con 204 muestras. Accuracy: 0.9951
2025-03-29 10:35:23,868 - main - INFO - Modelo, vectorizador e información guardados correctamente
2025-03-29 10:35:23,869 - main - INFO - Modelo reentrenado con 204 muestras. Accuracy: 0.9951
2025-03-29 10:35:27,996 - main - INFO - Modelo exportado correctamente
2025-03-29 10:36:15,619 - main - INFO - Modelo exportado correctamente
2025-03-29 10:37:11,021 - main - INFO - Modelo y vectorizador cargados correctamente
2025-03-29 10:37:11,029 - main - INFO - Información del modelo cargada correctamente
2025-03-29 10:37:33,324 - main - INFO - Usando modelo global para la evaluación
2025-03-29 10:37:33,347 - main - INFO - Evaluación realizada con 204 muestras. Accuracy: 0.9951
2025-03-29 10:37:41,867 - main - INFO - Modelo, vectorizador e información guardados correctamente
2025-03-29 10:37:41,868 - main - INFO - Modelo reentrenado con 204 muestras. Accuracy: 0.9951
2025-03-29 10:37:43,314 - main - INFO - Modelo exportado correctamente
2025-03-29 11:01:36,878 - main - INFO - Modelo y vectorizador cargados correctamente
2025-03-29 11:01:36,879 - main - INFO - Información del modelo cargada correctamente
2025-03-29 11:01:53,102 - main - INFO - Usando modelo global para la evaluación
2025-03-29 11:01:53,116 - main - INFO - Evaluación realizada con 204 muestras. Accuracy: 0.9951
2025-03-29 11:02:00,763 - main - INFO - Modelo, vectorizador e información guardados correctamente
2025-03-29 11:02:00,763 - main - INFO - Modelo reentrenado con 204 muestras. Accuracy: 0.9951
2025-03-29 11:02:02,149 - main - INFO - Modelo exportado correctamente
2025-03-29 11:08:14,989 - main - INFO - Modelo y vectorizador cargados correctamente
2025-03-29 11:08:15,002 - main - INFO - Información del modelo cargada correctamente
2025-03-29 11:08:29,755 - main - INFO - Modelo, vectorizador e información guardados correctamente
2025-03-29 11:08:29,756 - main - INFO - Modelo reentrenado con 204 muestras. Accuracy: 0.9951
2025-03-29 11:08:31,358 - main - INFO - Modelo exportado correctamente
2025-03-29 11:19:31,162 - main - INFO - Modelo y vectorizador cargados correctamente
2025-03-29 11:19:31,163 - main - INFO - Información del modelo cargada correctamente
2025-03-29 11:20:26,672 - main - INFO - Usando modelo global para la evaluación
2025-03-29 11:20:26,682 - main - INFO - Evaluación realizada con 204 muestras. Accuracy: 0.9951
2025-03-29 11:20:53,374 - main - INFO - Modelo, vectorizador e información guardados correctamente
2025-03-29 11:20:53,374 - main - INFO - Modelo reentrenado con 204 muestras. Accuracy: 0.9951
2025-03-29 11:21:02,893 - main - INFO - Modelo exportado correctamente
